scenario: required-key-response-403
strict mode: false
required-key check:
<nil>
strict-mode gate:
<nil>
stderr:
<empty>
key report:
niwa: 1 declared key has no value.
  the infisical provider could not be reached:
    - GOLDEN_KEY [required] (env.secrets): golden required key
    remedy: check that this host can reach the infisical provider and that its credentials are current, then run this command again.
