scenario: logged-out-and-response-404
error:
vault: env.secrets.GOLDEN_KEY: resolving "GOLDEN_KEY" via provider "(anonymous)": infisical: export exited 1: error: No valid login session found, cannot perform this action. Please run [infisical login] manually
Response Code: 404
Message: Project not found
key report:
<empty>
