scenario: response-404
error:
vault: env.secrets.GOLDEN_KEY: resolving "GOLDEN_KEY" via provider "(anonymous)": infisical: export exited 1: error: CallGetRawSecretsV3: Unsuccessful response. Please make sure your secret path, workspace and environment name are all correct
Response Code: 404
Message: Folder with path '/golden' in environment with slug 'dev' not found
key report:
<empty>
